[Forward] [(0,0):0.0]
[Backward] [(2,2):0.0]
fail
1