[Forward] [(0,0):0.0]
[Backward] [(2,2):0.0]
[Forward] [(0,1):1.0,(1,0):1.0]
[Backward] [(2,1):1.0]
[Forward] [(1,0):1.0,(0,2):1.0]
[Backward] [(2,0):1.0,(1,1):1.0]
[Forward] [(0,2):1.0,(1,1):1.0]
[Backward] [(1,1):1.0]
[Forward] [(1,1):1.0,(1,2):1.0]
[Backward] [(1,2):1.0,(1,0):1.0]
Intersecting state at (1,1)
(0,0)(1,0)(1,1)(2,1)(2,2)
4.0
5